[41m[1m FAIL [22m[49m tests/apiSecurityHardened.test.ts[2m 
[41m[1m FAIL [22m[49m tests/components/ui-components.test.tsx[2m 
[41m[1m FAIL [22m[49m tests/destiny-map-api-smoke.test.ts[2m 
[41m[1m FAIL [22m[49m tests/hooks/useMyCircle.test.ts[2m 
[41m[1m FAIL [22m[49m tests/lib/api/ApiClient.test.ts[2m 
[41m[1m FAIL [22m[49m tests/lib/api/sanitizers.mega.test.ts[2m 
[41m[1m FAIL [22m[49m tests/lib/api/schemas.test.ts[2m 
[41m[1m FAIL [22m[49m tests/lib/api/validator.test.ts[2m 
[41m[1m FAIL [22m[49m tests/lib/api/zodValidation.mega.test.ts[2m 
[41m[1m FAIL [22m[49m tests/lib/apiGuard.mega.test.ts[2m 
[41m[1m FAIL [22m[49m tests/lib/auth/admin.test.ts[2m 
[41m[1m FAIL [22m[49m tests/lib/backend-url.test.ts[2m 
[41m[1m FAIL [22m[49m tests/lib/datetime/timezone.mega.test.ts[2m 
[41m[1m FAIL [22m[49m tests/lib/destiny-map/astrology/engine-core.mega.test.ts[2m 
[41m[1m FAIL [22m[49m tests/lib/destiny-matrix/validation.test.ts[2m 
[41m[1m FAIL [22m[49m tests/lib/metrics/schema.test.ts[2m 
[41m[1m FAIL [22m[49m tests/lib/prediction/life-prediction/comprehensive.mega.test.ts[2m 
[41m[1m FAIL [22m[49m tests/lib/prediction/life-prediction-astro.test.ts[2m 
[41m[1m FAIL [22m[49m tests/lib/prediction/life-prediction-constants.test.ts[2m 
[41m[1m FAIL [22m[49m tests/lib/prediction/lifePredictionEngine.test.ts[2m 
[41m[1m FAIL [22m[49m tests/lib/prediction/life-prediction-helpers.test.ts[2m 
[41m[1m FAIL [22m[49m tests/lib/security/csrf.test.ts[2m 
[41m[1m FAIL [22m[49m tests/lib/textGuards.mega.test.ts[2m 
[41m[1m FAIL [22m[49m tests/lib/utils.comprehensive.test.ts[2m 
